---
source: src/parser/parser.rs
description: select/error.sql
---
parser is stuck
